1.100000 + 2.500000i
3.900000 + -1.000000i
6.790000 + 8.650000i
0.239946 + -1.454424i
5.000000 + 1.500000i
2.800000 + -3.500000i
